// Jest Snapshot v1, https://goo.gl/fbAQLP

exports[`should match snapshot with default props 1`] = `
<Styled(Space)
  align="start"
  direction="horizontal"
  size="middle"
/>
`;

exports[`should match snapshot with given props 1`] = `
<Styled(Space)
  align="end"
  direction="vertical"
  size="large"
/>
`;
